1	1	Keyword	PROGRAM	program
2	1	Id	_program	_program
3	1	Id	Hello	Hello
4	1	Id	world	world
5	1	Keyword	WRITE	WrItE
5	6	Eof	EOF	