1	1	Separator	Colon	:
2	1	Operation	Assigment	:=
3	1	Separator	Colon	:
3	2	Operation	Assigment	:=
4	1	Operation	NotEqual	<>
5	1	Operation	BitwiseShiftToTheLeft	<<
6	1	Operation	NotEqual	<>
6	3	Operation	BitwiseShiftToTheLeft	<<
7	1	Operation	LessThanOrEqual	>=
8	1	Operation	BitwiseShiftToTheRight	>>
9	1	Operation	LessThanOrEqual	>=
9	3	Operation	BitwiseShiftToTheRight	>>
10	1	Operation	AdditionWithAssigment	+=
11	1	Operation	SubtractionWithAssigment	-=
12	1	Operation	Multiplication	*=
13	1	Operation	Division	/=
14	1	Operation	AdditionWithAssigment	+=
14	3	Operation	SubtractionWithAssigment	-=
14	5	Operation	Multiplication	*=
14	7	Operation	Division	/=
15	1	Separator	LeftParenthesis	(
15	2	Separator	LeftSquareBracket	[
15	3	Separator	RightSquareBracket	]
15	4	Separator	RightParenthesis	)
15	5	Separator	Semicolon	;
16	1	Separator	Range	..
16	3	Separator	Dot	.
17	1	Separator	Range	..
18	1	Separator	Dot	.
18	2	Eof	EOF	