1	1	Keyword	AND	AND
2	1	Keyword	ARRAY	ARRAY
3	1	Keyword	ASM	ASM
4	1	Keyword	BEGIN	BEGIN
5	1	Keyword	BREAK	BREAK
6	1	Keyword	CASE	CASE
7	1	Keyword	CONST	CONST
8	1	Keyword	CONSTRUCTOR	CONSTRUCTOR
9	1	Keyword	CONTINUE	CONTINUE
10	1	Keyword	DESTRUCTOR	DESTRUCTOR
11	1	Keyword	DIV	DIV
12	1	Keyword	DO	DO
13	1	Keyword	DOWNTO	DOWNTO
14	1	Keyword	ELSE	ELSE
15	1	Keyword	END	END
16	1	Keyword	FALSE	FALSE
17	1	Keyword	FILE	FILE
18	1	Keyword	FOR	FOR
19	1	Keyword	FUNCTION	FUNCTION
20	1	Keyword	GOTO	GOTO
21	1	Keyword	IF	IF
22	1	Keyword	IMPLEMENTATION	IMPLEMENTATION
23	1	Keyword	IN	IN
24	1	Keyword	INLINE	INLINE
25	1	Keyword	INTERFACE	INTERFACE
26	1	Keyword	LABEL	LABEL
27	1	Keyword	MOD	MOD
28	1	Keyword	NIL	NIL
29	1	Keyword	NOT	NOT
30	1	Keyword	OBJECT	OBJECT
31	1	Keyword	OF	OF
32	1	Keyword	OPERATOR	OPERATOR
33	1	Keyword	OR	OR
34	1	Keyword	PACKED	PACKED
35	1	Keyword	PROCEDURE	PROCEDURE
36	1	Keyword	PROGRAM	PROGRAM
37	1	Keyword	RECORD	RECORD
38	1	Keyword	REPEAT	REPEAT
39	1	Keyword	SET	SET
40	1	Keyword	SHL	SHL
41	1	Keyword	SHR	SHR
42	1	Keyword	STRING	STRING
43	1	Keyword	THEN	THEN
44	1	Keyword	TO	TO
45	1	Keyword	TRUE	TRUE
46	1	Keyword	TYPE	TYPE
47	1	Keyword	UNIT	UNIT
48	1	Keyword	UNTIL	UNTIL
49	1	Keyword	USES	USES
50	1	Keyword	VAR	VAR
51	1	Keyword	WHILE	WHILE
52	1	Keyword	WITH	WITH
53	1	Keyword	XOR	XOR
54	1	Keyword	AS	AS
55	1	Keyword	CLASS	CLASS
56	1	Keyword	CONSTREF	CONSTREF
57	1	Keyword	DISPOSE	DISPOSE
58	1	Keyword	EXCEPT	EXCEPT
59	1	Keyword	EXIT	EXIT
60	1	Keyword	EXPORTS	EXPORTS
61	1	Keyword	FINALIZATION	FINALIZATION
62	1	Keyword	FINALLY	FINALLY
63	1	Keyword	INHERITED	INHERITED
64	1	Keyword	INITIALIZATION	INITIALIZATION
65	1	Keyword	IS	IS
66	1	Keyword	LIBRARY	LIBRARY
67	1	Keyword	NEW	NEW
68	1	Keyword	ON	ON
69	1	Keyword	OUT	OUT
70	1	Keyword	PROPERTY	PROPERTY
71	1	Keyword	RAISE	RAISE
72	1	Keyword	SELF	SELF
73	1	Keyword	THREADVAR	THREADVAR
74	1	Keyword	TRY	TRY
75	1	Keyword	ABSOLUTE	ABSOLUTE
76	1	Keyword	ABSTRACT	ABSTRACT
77	1	Keyword	ALIAS	ALIAS
78	1	Keyword	ASSEMBLER	ASSEMBLER
79	1	Keyword	CDECL	CDECL
80	1	Keyword	CPPDECL	CPPDECL
81	1	Keyword	DEFAULT	DEFAULT
82	1	Keyword	EXPORT	EXPORT
83	1	Keyword	EXTERNAL	EXTERNAL
84	1	Keyword	FORWARD	FORWARD
85	1	Keyword	GENERIC	GENERIC
86	1	Keyword	INDEX	INDEX
87	1	Keyword	LOCAL	LOCAL
88	1	Keyword	NAME	NAME
89	1	Keyword	NOSTACKFRAME	NOSTACKFRAME
90	1	Keyword	OLDFPCCALL	OLDFPCCALL
91	1	Keyword	OVERRIDE	OVERRIDE
92	1	Keyword	PASCAL	PASCAL
93	1	Keyword	PRIVATE	PRIVATE
94	1	Keyword	PROTECTED	PROTECTED
95	1	Keyword	PUBLIC	PUBLIC
96	1	Keyword	PUBLISHED	PUBLISHED
97	1	Keyword	READ	READ
98	1	Keyword	REGISTER	REGISTER
99	1	Keyword	REINTRODUCE	REINTRODUCE
100	1	Keyword	SAFECALL	SAFECALL
101	1	Keyword	SOFTFLOAT	SOFTFLOAT
102	1	Keyword	SPECIALIZE	SPECIALIZE
103	1	Keyword	STDCALL	STDCALL
104	1	Keyword	VIRTUAL	VIRTUAL
105	1	Keyword	WRITE	WRITE
105	6	Eof	EOF	