1	1	Integer	20	20
1	4	Keyword	DIV	div
1	8	Integer	5	5
2	1	Integer	21	21
2	4	Keyword	MOD	mod
2	8	Integer	5	5
3	1	Integer	20	20
3	3	Operation	DivisionWithAssigment	/
3	4	Integer	5	5
4	1	Integer	20	20
4	3	Operation	MultiplicationWithAssigment	*
4	4	Integer	5	5
5	1	Double	2	2.
5	3	Separator	Dot	.
5	4	Eof	EOF	