1	1	Operation	MultiplicationWithAssigment	*
1	2	Operation	MultiplicationWithAssigment	*
1	3	Operation	MultiplicationWithAssigment	*
1	4	Operation	MultiplicationWithAssigment	*
1	5	Eof	EOF	