1	1	Id	a	a
1	2	Operation	Addition	+
1	3	Double	3	3.
1	5	Eof	EOF	