1	1	Id	a	a
1	2	Operation	Addition	+
1	3	Id	b	b
1	4	Separator	Dot	.
1	5	Eof	EOF	